
=================================================
  Spatial-Blocked Bloom Filter Benchmark Suite
  With Hardware Performance Counters
=================================================

Note: For accurate cycle/instruction counts, run with:
  sudo sysctl kernel.perf_event_paranoid=1

Benchmark configuration:
  Epochs: 11
  Min iterations/epoch: 1000
  Warmup iterations: 100
  Max epoch time: 100 ms
  Scenario: sweep
  Elements: 33554432
  Log blocks: 22
  Hash k: 4
  Coord bits: 16
  SFC types: morton,hilbert
  Strategies: double_hash,pattern_lookup
  Dimensions: 2D,3D
  Distributions: uniform
  Baseline mode: reduced
  Output: sbbf_results/scalability/scale_33554432.json

========================================
Parameter Sweep Benchmark
========================================
Total configurations: 8

[1/8] 2D morton double_hash n=33554432 log=22 k=4 bits=16        Warning, results might be unstable:
* CPU frequency scaling enabled: CPU 0 between 800.0 and 3,601.0 MHz

Recommendations
* Use 'pyperf system tune' before benchmarking. See https://github.com/psf/pyperf

|               ns/op |                op/s |    err% |          ins/op |          cyc/op |    IPC |         bra/op |   miss% |     total | benchmark
|--------------------:|--------------------:|--------:|----------------:|----------------:|-------:|---------------:|--------:|----------:|:----------
|               28.71 |       34,828,395.55 |    6.0% |           81.00 |          103.44 |  0.783 |          10.00 |    0.0% |      0.01 | :wavy_dash: `SBBF-Morton2D insert` (Unstable with ~36,190.5 iters. Increase `minEpochIterations` to e.g. 361905)
|               20.95 |       47,724,915.06 |    0.6% |           84.00 |           75.52 |  1.112 |          10.00 |    0.0% |      0.01 | `SBBF-Morton2D query`
|               13.43 |       74,486,321.74 |    6.7% |           97.95 |           48.39 |  2.024 |          16.62 |    0.3% |      0.01 | :wavy_dash: `SBBF-Morton2D neighbor` (Unstable with ~9,294.6 iters. Increase `minEpochIterations` to e.g. 92946)
[2/8] 2D morton pattern_lookup n=33554432 log=22 k=4 bits=16        |               20.44 |       48,922,714.40 |    5.1% |           51.00 |           73.58 |  0.693 |           5.00 |    0.0% |      0.01 | :wavy_dash: `SBBF-Morton2D insert` (Unstable with ~55,113.5 iters. Increase `minEpochIterations` to e.g. 551135)
|               16.78 |       59,583,959.30 |    0.9% |           54.00 |           60.45 |  0.893 |           5.00 |    0.0% |      0.01 | `SBBF-Morton2D query`
|               11.53 |       86,708,706.09 |    7.4% |           64.19 |           41.58 |  1.544 |          11.00 |    0.4% |      0.01 | :wavy_dash: `SBBF-Morton2D neighbor` (Unstable with ~10,846.5 iters. Increase `minEpochIterations` to e.g. 108465)
[3/8] 2D hilbert double_hash n=33554432 log=22 k=4 bits=16        |               32.38 |       30,886,234.37 |    1.6% |          136.00 |          116.76 |  1.165 |          12.00 |    0.0% |      0.01 | `SBBF-Hilbert2D insert`
|               29.61 |       33,767,494.21 |    0.7% |          139.00 |          106.78 |  1.302 |          12.00 |    0.0% |      0.01 | `SBBF-Hilbert2D query`
|               13.58 |       73,653,417.25 |    6.1% |           98.84 |           48.94 |  2.019 |          14.16 |    0.6% |      0.01 | :wavy_dash: `SBBF-Hilbert2D neighbor` (Unstable with ~9,164.0 iters. Increase `minEpochIterations` to e.g. 91640)
[4/8] 2D hilbert pattern_lookup n=33554432 log=22 k=4 bits=16        |               40.94 |       24,426,892.45 |    2.0% |          106.00 |          147.44 |  0.719 |           7.00 |    0.0% |      0.01 | `SBBF-Hilbert2D insert`
|               27.48 |       36,395,961.08 |    0.7% |          109.00 |           99.06 |  1.100 |           7.00 |    0.0% |      0.01 | `SBBF-Hilbert2D query`
|               11.64 |       85,885,101.31 |    5.0% |           63.92 |           41.97 |  1.523 |           8.53 |    1.0% |      0.01 | :wavy_dash: `SBBF-Hilbert2D neighbor` (Unstable with ~10,723.7 iters. Increase `minEpochIterations` to e.g. 107237)
|               42.04 |       23,786,660.02 |    3.5% |          241.00 |          151.58 |  1.590 |          41.00 |    0.0% |      0.01 | `BlockedBF-Wy+Pat insert`
|               40.51 |       24,682,361.94 |    1.1% |          255.00 |          145.69 |  1.750 |          45.00 |    0.0% |      0.01 | `BlockedBF-Wy+Pat query`
|               57.73 |       17,321,430.11 |    0.5% |          247.58 |          208.13 |  1.190 |          45.24 |    2.2% |      0.01 | `BlockedBF-Wy+Pat neighbor`
|               35.24 |       28,373,570.90 |    3.7% |          236.00 |          127.07 |  1.857 |          41.00 |    0.0% |      0.01 | `RegisterBF-Wy+Pat insert`
|               37.46 |       26,692,090.31 |    0.6% |          239.00 |          135.09 |  1.769 |          41.00 |    0.0% |      0.01 | `RegisterBF-Wy+Pat query`
|               37.66 |       26,555,686.51 |    1.3% |          243.13 |          135.77 |  1.791 |          43.38 |    0.0% |      0.01 | `RegisterBF-Wy+Pat neighbor`
[5/8] 3D morton double_hash n=33554432 log=22 k=4 bits=16        |               22.71 |       44,030,712.31 |    3.9% |           69.00 |           81.91 |  0.842 |          10.00 |    0.0% |      0.01 | `SBBF-Morton3D insert`
|               22.03 |       45,386,676.91 |    1.2% |           81.00 |           79.48 |  1.019 |          10.00 |    0.0% |      0.01 | `SBBF-Morton3D query`
|                9.66 |      103,492,156.06 |    5.5% |           83.26 |           34.85 |  2.389 |          13.07 |    0.6% |      0.01 | :wavy_dash: `SBBF-Morton3D neighbor` (Unstable with ~4,086.8 iters. Increase `minEpochIterations` to e.g. 40868)
[6/8] 3D morton pattern_lookup n=33554432 log=22 k=4 bits=16        |               15.99 |       62,534,438.46 |    1.8% |           40.00 |           57.64 |  0.694 |           4.00 |    0.0% |      0.01 | `SBBF-Morton3D insert`
|               18.73 |       53,395,957.38 |    1.4% |           54.00 |           67.49 |  0.800 |           5.00 |    0.0% |      0.01 | `SBBF-Morton3D query`
|                8.41 |      118,866,505.06 |    7.4% |           56.27 |           30.34 |  1.855 |           8.08 |    1.0% |      0.01 | :wavy_dash: `SBBF-Morton3D neighbor` (Unstable with ~4,638.2 iters. Increase `minEpochIterations` to e.g. 46382)
[7/8] 3D hilbert double_hash n=33554432 log=22 k=4 bits=16        |               53.79 |       18,591,741.92 |    1.8% |          224.00 |          193.84 |  1.156 |          11.00 |    0.0% |      0.01 | `SBBF-Hilbert3D insert`
|               46.56 |       21,477,935.51 |    0.7% |          236.00 |          167.89 |  1.406 |          11.00 |    0.0% |      0.01 | `SBBF-Hilbert3D query`
|               15.14 |       66,043,529.65 |    6.1% |          134.79 |           54.52 |  2.472 |          14.83 |    1.0% |      0.01 | :wavy_dash: `SBBF-Hilbert3D neighbor` (Unstable with ~2,632.7 iters. Increase `minEpochIterations` to e.g. 26327)
[8/8] 3D hilbert pattern_lookup n=33554432 log=22 k=4 bits=16        |               50.68 |       19,733,040.99 |    1.6% |          195.00 |          182.20 |  1.070 |           5.00 |    0.0% |      0.01 | `SBBF-Hilbert3D insert`
|               44.25 |       22,599,406.90 |    0.3% |          209.00 |          159.46 |  1.311 |           6.00 |    0.0% |      0.01 | `SBBF-Hilbert3D query`
|               11.16 |       89,596,113.95 |    1.9% |          107.61 |           40.24 |  2.674 |           9.82 |    1.6% |      0.01 | `SBBF-Hilbert3D neighbor`
|               49.38 |       20,251,096.36 |    4.5% |          261.00 |          177.87 |  1.467 |          42.00 |    0.0% |      0.01 | `BlockedBF-Wy+Pat insert`
|               42.92 |       23,297,090.58 |    0.6% |          273.00 |          154.74 |  1.764 |          45.00 |    0.0% |      0.01 | `BlockedBF-Wy+Pat query`
|               61.85 |       16,167,765.37 |    2.2% |          262.57 |          223.12 |  1.177 |          45.31 |    2.4% |      0.02 | `BlockedBF-Wy+Pat neighbor`
|               39.11 |       25,567,355.35 |    0.8% |          250.00 |          141.03 |  1.773 |          41.00 |    0.0% |      0.01 | `RegisterBF-Wy+Pat insert`
|               52.38 |       19,091,147.11 |    2.3% |          253.00 |          188.89 |  1.339 |          41.00 |    0.0% |      0.01 | `RegisterBF-Wy+Pat query`
|               55.39 |       18,052,189.79 |    1.4% |          254.19 |          199.72 |  1.273 |          43.46 |    0.3% |      0.02 | `RegisterBF-Wy+Pat neighbor`


Sweep complete: 12 configurations benchmarked.
Results saved to: sbbf_results/scalability/scale_33554432.json

=================================================
  Benchmark Complete!
=================================================

