
=================================================
  Spatial-Blocked Bloom Filter Benchmark Suite
  With Hardware Performance Counters
=================================================

Note: For accurate cycle/instruction counts, run with:
  sudo sysctl kernel.perf_event_paranoid=1

Benchmark configuration:
  Epochs: 11
  Min iterations/epoch: 1000
  Warmup iterations: 100
  Max epoch time: 100 ms
  Scenario: sweep
  Elements: 8388608
  Log blocks: 20
  Hash k: 4
  Coord bits: 16
  SFC types: morton,hilbert
  Strategies: double_hash,pattern_lookup
  Dimensions: 2D,3D
  Distributions: uniform
  Baseline mode: reduced
  Output: sbbf_results/scalability/scale_8388608.json

========================================
Parameter Sweep Benchmark
========================================
Total configurations: 8

[1/8] 2D morton double_hash n=8388608 log=20 k=4 bits=16        Warning, results might be unstable:
* CPU frequency scaling enabled: CPU 0 between 800.0 and 3,601.0 MHz

Recommendations
* Use 'pyperf system tune' before benchmarking. See https://github.com/psf/pyperf

|               ns/op |                op/s |    err% |          ins/op |          cyc/op |    IPC |         bra/op |   miss% |     total | benchmark
|--------------------:|--------------------:|--------:|----------------:|----------------:|-------:|---------------:|--------:|----------:|:----------
|               15.04 |       66,494,585.53 |   31.5% |           81.00 |           54.29 |  1.492 |          10.00 |    0.0% |      0.01 | :wavy_dash: `SBBF-Morton2D insert` (Unstable with ~52,832.0 iters. Increase `minEpochIterations` to e.g. 528320)
|                6.19 |      161,425,078.11 |    0.2% |           84.00 |           22.34 |  3.760 |          10.00 |    0.0% |      0.01 | `SBBF-Morton2D query`
|                5.59 |      178,750,459.97 |    1.1% |           97.93 |           20.17 |  4.855 |          16.62 |    0.2% |      0.01 | `SBBF-Morton2D neighbor`
[2/8] 2D morton pattern_lookup n=8388608 log=20 k=4 bits=16        |                5.69 |      175,789,169.08 |    2.6% |           51.00 |           20.51 |  2.487 |           5.00 |    0.0% |      0.01 | `SBBF-Morton2D insert`
|                4.79 |      208,873,651.69 |    0.3% |           54.00 |           17.26 |  3.128 |           5.00 |    0.0% |      0.01 | `SBBF-Morton2D query`
|                4.60 |      217,596,890.81 |    1.0% |           64.19 |           16.57 |  3.875 |          11.00 |    0.4% |      0.01 | `SBBF-Morton2D neighbor`
[3/8] 2D hilbert double_hash n=8388608 log=20 k=4 bits=16        |               11.59 |       86,248,338.26 |    2.9% |          136.00 |           41.79 |  3.254 |          12.00 |    0.0% |      0.01 | `SBBF-Hilbert2D insert`
|               11.71 |       85,372,710.94 |    0.3% |          139.00 |           42.18 |  3.296 |          12.00 |    0.0% |      0.01 | `SBBF-Hilbert2D query`
|                6.30 |      158,840,560.09 |    1.3% |           98.76 |           22.68 |  4.354 |          14.15 |    0.6% |      0.01 | `SBBF-Hilbert2D neighbor`
[4/8] 2D hilbert pattern_lookup n=8388608 log=20 k=4 bits=16        |                9.70 |      103,115,088.84 |    1.4% |          106.00 |           34.95 |  3.033 |           7.00 |    0.0% |      0.01 | `SBBF-Hilbert2D insert`
|               10.23 |       97,753,677.23 |   10.2% |          109.00 |           36.89 |  2.955 |           7.00 |    0.0% |      0.01 | :wavy_dash: `SBBF-Hilbert2D query` (Unstable with ~108,679.5 iters. Increase `minEpochIterations` to e.g. 1086795)
|                5.93 |      168,534,204.86 |    0.9% |           63.90 |           21.39 |  2.988 |           8.53 |    1.0% |      0.01 | `SBBF-Hilbert2D neighbor`
|               14.96 |       66,836,598.57 |    0.2% |          241.00 |           53.96 |  4.467 |          41.00 |    0.0% |      0.01 | `BlockedBF-Wy+Pat insert`
|               16.33 |       61,218,524.07 |    1.4% |          255.00 |           58.91 |  4.328 |          45.00 |    0.0% |      0.01 | `BlockedBF-Wy+Pat query`
|               33.25 |       30,075,272.45 |    0.8% |          247.53 |          119.89 |  2.065 |          45.23 |    2.2% |      0.01 | `BlockedBF-Wy+Pat neighbor`
|               13.85 |       72,217,122.39 |    0.5% |          236.00 |           49.92 |  4.728 |          41.00 |    0.0% |      0.01 | `RegisterBF-Wy+Pat insert`
|               15.47 |       64,630,242.92 |    0.8% |          239.00 |           55.69 |  4.291 |          41.00 |    0.0% |      0.01 | `RegisterBF-Wy+Pat query`
|               18.12 |       55,176,400.62 |    5.2% |          243.13 |           65.33 |  3.722 |          43.38 |    0.0% |      0.01 | :wavy_dash: `RegisterBF-Wy+Pat neighbor` (Unstable with ~7,278.6 iters. Increase `minEpochIterations` to e.g. 72786)
[5/8] 3D morton double_hash n=8388608 log=20 k=4 bits=16        |                9.46 |      105,705,309.59 |   40.4% |           69.00 |           34.09 |  2.024 |          10.00 |    0.0% |      0.01 | :wavy_dash: `SBBF-Morton3D insert` (Unstable with ~74,513.2 iters. Increase `minEpochIterations` to e.g. 745132)
|                6.30 |      158,812,537.92 |    0.1% |           81.00 |           22.69 |  3.569 |          10.00 |    0.0% |      0.01 | `SBBF-Morton3D query`
|                4.30 |      232,334,048.05 |    0.5% |           83.26 |           15.52 |  5.365 |          13.07 |    0.6% |      0.01 | `SBBF-Morton3D neighbor`
[6/8] 3D morton pattern_lookup n=8388608 log=20 k=4 bits=16        |                4.53 |      220,797,906.46 |    4.8% |           40.00 |           16.32 |  2.452 |           4.00 |    0.0% |      0.01 | `SBBF-Morton3D insert`
|                5.30 |      188,600,177.64 |    0.2% |           54.00 |           19.12 |  2.824 |           5.00 |    0.0% |      0.01 | `SBBF-Morton3D query`
|                3.69 |      270,728,666.87 |    0.5% |           56.27 |           13.31 |  4.226 |           8.08 |    1.0% |      0.01 | `SBBF-Morton3D neighbor`
[7/8] 3D hilbert double_hash n=8388608 log=20 k=4 bits=16        |               23.00 |       43,480,830.52 |    4.5% |          224.00 |           82.81 |  2.705 |          11.00 |    0.0% |      0.01 | `SBBF-Hilbert3D insert`
|               20.86 |       47,927,547.93 |    1.2% |          236.00 |           75.21 |  3.138 |          11.00 |    0.0% |      0.01 | `SBBF-Hilbert3D query`
|                7.78 |      128,555,402.29 |    1.6% |          134.59 |           28.03 |  4.802 |          14.82 |    1.0% |      0.01 | `SBBF-Hilbert3D neighbor`
[8/8] 3D hilbert pattern_lookup n=8388608 log=20 k=4 bits=16        |               19.99 |       50,028,777.02 |    1.6% |          195.00 |           72.07 |  2.706 |           5.00 |    0.0% |      0.01 | `SBBF-Hilbert3D insert`
|               19.53 |       51,216,151.53 |    0.1% |          209.00 |           70.36 |  2.971 |           6.00 |    0.0% |      0.01 | `SBBF-Hilbert3D query`
|                6.90 |      144,900,488.42 |    1.3% |          107.67 |           24.89 |  4.327 |           9.82 |    1.6% |      0.01 | `SBBF-Hilbert3D neighbor`
|               16.11 |       62,063,322.48 |    0.2% |          261.00 |           58.06 |  4.495 |          42.00 |    0.0% |      0.01 | `BlockedBF-Wy+Pat insert`
|               16.74 |       59,726,182.57 |    1.7% |          273.00 |           60.38 |  4.521 |          45.00 |    0.0% |      0.01 | `BlockedBF-Wy+Pat query`
|               34.94 |       28,619,740.35 |    2.0% |          262.57 |          125.98 |  2.084 |          45.31 |    2.4% |      0.01 | `BlockedBF-Wy+Pat neighbor`
|               15.02 |       66,591,111.99 |    0.2% |          250.00 |           54.14 |  4.618 |          41.00 |    0.0% |      0.01 | `RegisterBF-Wy+Pat insert`
|               15.45 |       64,714,720.85 |    0.7% |          253.00 |           55.72 |  4.541 |          41.00 |    0.0% |      0.01 | `RegisterBF-Wy+Pat query`
|               17.28 |       57,858,215.84 |    3.6% |          254.19 |           62.32 |  4.079 |          43.46 |    0.3% |      0.01 | `RegisterBF-Wy+Pat neighbor`


Sweep complete: 12 configurations benchmarked.
Results saved to: sbbf_results/scalability/scale_8388608.json

=================================================
  Benchmark Complete!
=================================================

