
=================================================
  Spatial-Blocked Bloom Filter Benchmark Suite
  With Hardware Performance Counters
=================================================

Note: For accurate cycle/instruction counts, run with:
  sudo sysctl kernel.perf_event_paranoid=1

Benchmark configuration:
  Epochs: 11
  Min iterations/epoch: 1000
  Warmup iterations: 100
  Max epoch time: 100 ms
  Scenario: sweep
  Elements: 134217728
  Log blocks: 24
  Hash k: 4
  Coord bits: 16
  SFC types: morton,hilbert
  Strategies: double_hash,pattern_lookup
  Dimensions: 2D,3D
  Distributions: uniform
  Baseline mode: reduced
  Output: sbbf_results/scalability/scale_134217728.json

========================================
Parameter Sweep Benchmark
========================================
Total configurations: 8

[1/8] 2D morton double_hash n=134217728 log=24 k=4 bits=16        Warning, results might be unstable:
* CPU frequency scaling enabled: CPU 0 between 800.0 and 3,601.0 MHz

Recommendations
* Use 'pyperf system tune' before benchmarking. See https://github.com/psf/pyperf

|               ns/op |                op/s |    err% |          ins/op |          cyc/op |    IPC |         bra/op |   miss% |     total | benchmark
|--------------------:|--------------------:|--------:|----------------:|----------------:|-------:|---------------:|--------:|----------:|:----------
|               87.86 |       11,381,624.37 |   15.7% |           81.00 |          314.42 |  0.258 |          10.00 |    0.0% |      0.01 | :wavy_dash: `SBBF-Morton2D insert` (Unstable with ~9,660.5 iters. Increase `minEpochIterations` to e.g. 96605)
|               62.63 |       15,967,544.69 |   11.1% |           84.00 |          225.60 |  0.372 |          10.00 |    0.0% |      0.01 | :wavy_dash: `SBBF-Morton2D query` (Unstable with ~15,354.0 iters. Increase `minEpochIterations` to e.g. 153540)
|               34.63 |       28,879,284.69 |   17.9% |           98.12 |          124.58 |  0.788 |          16.62 |    0.5% |      0.01 | :wavy_dash: `SBBF-Morton2D neighbor` (Unstable with ~3,567.8 iters. Increase `minEpochIterations` to e.g. 35678)
[2/8] 2D morton pattern_lookup n=134217728 log=24 k=4 bits=16        |               67.14 |       14,893,310.13 |   20.2% |           51.00 |          240.15 |  0.212 |           5.00 |    0.0% |      0.01 | :wavy_dash: `SBBF-Morton2D insert` (Unstable with ~15,038.5 iters. Increase `minEpochIterations` to e.g. 150385)
|               45.30 |       22,073,119.72 |   16.9% |           54.00 |          163.14 |  0.331 |           5.00 |    0.0% |      0.01 | :wavy_dash: `SBBF-Morton2D query` (Unstable with ~26,438.3 iters. Increase `minEpochIterations` to e.g. 264383)
|               54.43 |       18,373,709.79 |   37.4% |           64.30 |          195.84 |  0.328 |          11.00 |    0.6% |      0.02 | :wavy_dash: `SBBF-Morton2D neighbor` (Unstable with ~3,348.6 iters. Increase `minEpochIterations` to e.g. 33486)
[3/8] 2D hilbert double_hash n=134217728 log=24 k=4 bits=16        |               48.52 |       20,609,224.90 |    4.1% |          136.00 |          174.85 |  0.778 |          12.00 |    0.0% |      0.01 | `SBBF-Hilbert2D insert`
|               59.71 |       16,747,611.71 |   10.2% |          139.00 |          215.05 |  0.646 |          12.00 |    0.0% |      0.01 | :wavy_dash: `SBBF-Hilbert2D query` (Unstable with ~18,186.5 iters. Increase `minEpochIterations` to e.g. 181865)
|               46.95 |       21,297,383.23 |   11.4% |           98.96 |          158.92 |  0.623 |          14.19 |    0.9% |      0.01 | :wavy_dash: `SBBF-Hilbert2D neighbor` (Unstable with ~3,363.7 iters. Increase `minEpochIterations` to e.g. 33637)
[4/8] 2D hilbert pattern_lookup n=134217728 log=24 k=4 bits=16        |               45.31 |       22,068,063.03 |    1.8% |          106.00 |          163.25 |  0.649 |           7.00 |    0.0% |      0.01 | `SBBF-Hilbert2D insert`
|               41.30 |       24,214,668.62 |    2.5% |          109.00 |          148.84 |  0.732 |           7.00 |    0.0% |      0.01 | `SBBF-Hilbert2D query`
|               18.77 |       53,279,889.00 |    4.1% |           64.04 |           67.67 |  0.946 |           8.56 |    1.3% |      0.01 | `SBBF-Hilbert2D neighbor`
|               64.62 |       15,475,909.00 |    4.3% |          241.00 |          232.96 |  1.034 |          41.00 |    0.0% |      0.01 | `BlockedBF-Wy+Pat insert`
|               63.40 |       15,771,927.79 |    0.4% |          255.00 |          228.53 |  1.116 |          45.00 |    0.0% |      0.01 | `BlockedBF-Wy+Pat query`
|               75.72 |       13,207,028.30 |    1.7% |          247.77 |          273.04 |  0.907 |          45.27 |    2.2% |      0.01 | `BlockedBF-Wy+Pat neighbor`
|               48.75 |       20,511,952.18 |    2.2% |          236.00 |          175.66 |  1.344 |          41.00 |    0.0% |      0.01 | `RegisterBF-Wy+Pat insert`
|               90.38 |       11,064,188.82 |   33.0% |          239.00 |          325.97 |  0.733 |          41.00 |    0.0% |      0.01 | :wavy_dash: `RegisterBF-Wy+Pat query` (Unstable with ~7,433.7 iters. Increase `minEpochIterations` to e.g. 74337)
|               61.13 |       16,358,354.99 |   16.1% |          243.13 |          220.26 |  1.104 |          43.38 |    0.0% |      0.01 | :wavy_dash: `RegisterBF-Wy+Pat neighbor` (Unstable with ~2,167.8 iters. Increase `minEpochIterations` to e.g. 21678)
[5/8] 3D morton double_hash n=134217728 log=24 k=4 bits=16        |               25.06 |       39,904,652.99 |    1.0% |           69.00 |           90.31 |  0.764 |          10.00 |    0.0% |      0.01 | `SBBF-Morton3D insert`
|               31.01 |       32,247,712.95 |    2.8% |           81.00 |          111.75 |  0.725 |          10.00 |    0.0% |      0.01 | `SBBF-Morton3D query`
|               12.51 |       79,932,729.44 |    1.2% |           83.26 |           45.07 |  1.848 |          13.07 |    0.6% |      0.01 | `SBBF-Morton3D neighbor`
[6/8] 3D morton pattern_lookup n=134217728 log=24 k=4 bits=16        |               19.42 |       51,505,459.15 |    1.5% |           40.00 |           69.99 |  0.572 |           4.00 |    0.0% |      0.01 | `SBBF-Morton3D insert`
|               23.84 |       41,954,205.10 |    0.3% |           54.00 |           85.94 |  0.628 |           5.00 |    0.0% |      0.01 | `SBBF-Morton3D query`
|               12.02 |       83,218,338.36 |    3.7% |           56.27 |           43.26 |  1.301 |           8.08 |    1.0% |      0.01 | `SBBF-Morton3D neighbor`
[7/8] 3D hilbert double_hash n=134217728 log=24 k=4 bits=16        |               73.15 |       13,671,167.91 |    2.5% |          224.00 |          263.47 |  0.850 |          11.00 |    0.0% |      0.01 | `SBBF-Hilbert3D insert`
|               65.84 |       15,187,974.57 |    1.2% |          236.00 |          237.43 |  0.994 |          11.00 |    0.0% |      0.01 | `SBBF-Hilbert3D query`
|               15.94 |       62,720,708.28 |    1.7% |          134.72 |           57.47 |  2.344 |          14.83 |    1.0% |      0.01 | `SBBF-Hilbert3D neighbor`
[8/8] 3D hilbert pattern_lookup n=134217728 log=24 k=4 bits=16        |               71.39 |       14,007,600.68 |    3.3% |          195.00 |          256.81 |  0.759 |           5.00 |    0.0% |      0.01 | `SBBF-Hilbert3D insert`
|               64.56 |       15,490,095.05 |    2.0% |          209.00 |          232.81 |  0.898 |           6.00 |    0.0% |      0.01 | `SBBF-Hilbert3D query`
|               13.83 |       72,330,343.97 |    3.6% |          107.68 |           49.83 |  2.161 |           9.82 |    1.6% |      0.01 | `SBBF-Hilbert3D neighbor`
|               64.43 |       15,520,068.59 |    1.4% |          261.00 |          232.30 |  1.124 |          42.00 |    0.0% |      0.01 | `BlockedBF-Wy+Pat insert`
|               64.03 |       15,618,890.57 |    0.1% |          273.00 |          230.74 |  1.183 |          45.00 |    0.0% |      0.01 | `BlockedBF-Wy+Pat query`
|               77.52 |       12,899,722.28 |    0.6% |          262.56 |          279.11 |  0.941 |          45.31 |    2.4% |      0.02 | `BlockedBF-Wy+Pat neighbor`
|               60.35 |       16,570,524.86 |    3.5% |          250.00 |          217.59 |  1.149 |          41.00 |    0.0% |      0.01 | `RegisterBF-Wy+Pat insert`
|               56.98 |       17,550,477.44 |    0.4% |          253.00 |          205.47 |  1.231 |          41.00 |    0.0% |      0.01 | `RegisterBF-Wy+Pat query`
|               58.86 |       16,990,144.55 |    6.6% |          254.19 |          212.33 |  1.197 |          43.46 |    0.3% |      0.02 | :wavy_dash: `RegisterBF-Wy+Pat neighbor` (Unstable with ~1,100.3 iters. Increase `minEpochIterations` to e.g. 11003)


Sweep complete: 12 configurations benchmarked.
Results saved to: sbbf_results/scalability/scale_134217728.json

=================================================
  Benchmark Complete!
=================================================

