
=================================================
  Spatial-Blocked Bloom Filter Benchmark Suite
  With Hardware Performance Counters
=================================================

Note: For accurate cycle/instruction counts, run with:
  sudo sysctl kernel.perf_event_paranoid=1

Benchmark configuration:
  Epochs: 11
  Min iterations/epoch: 1000
  Warmup iterations: 100
  Max epoch time: 100 ms
  Scenario: sweep
  Elements: 131072
  Log blocks: 14
  Hash k: 4
  Coord bits: 16
  SFC types: morton,hilbert
  Strategies: double_hash,pattern_lookup
  Dimensions: 2D,3D
  Distributions: uniform
  Baseline mode: reduced
  Output: sbbf_results/scalability/scale_131072.json

========================================
Parameter Sweep Benchmark
========================================
Total configurations: 8

[1/8] 2D morton double_hash n=131072 log=14 k=4 bits=16        Warning, results might be unstable:
* CPU frequency scaling enabled: CPU 0 between 800.0 and 3,601.0 MHz

Recommendations
* Use 'pyperf system tune' before benchmarking. See https://github.com/psf/pyperf

|               ns/op |                op/s |    err% |          ins/op |          cyc/op |    IPC |         bra/op |   miss% |     total | benchmark
|--------------------:|--------------------:|--------:|----------------:|----------------:|-------:|---------------:|--------:|----------:|:----------
|                4.18 |      238,974,823.28 |    0.1% |           81.00 |           15.08 |  5.370 |          10.00 |    0.0% |      0.01 | `SBBF-Morton2D insert`
|                3.92 |      254,783,749.64 |    0.5% |           84.00 |           14.15 |  5.937 |          10.00 |    0.0% |      0.01 | `SBBF-Morton2D query`
|                4.73 |      211,615,292.98 |    0.6% |           97.93 |           17.04 |  5.746 |          16.62 |    0.2% |      0.01 | `SBBF-Morton2D neighbor`
[2/8] 2D morton pattern_lookup n=131072 log=14 k=4 bits=16        |                4.32 |      231,709,786.56 |    0.1% |           51.00 |           15.55 |  3.279 |           5.00 |    0.0% |      0.01 | `SBBF-Morton2D insert`
|                4.88 |      204,790,109.89 |   11.6% |           54.00 |           17.57 |  3.073 |           5.00 |    0.0% |      0.01 | :wavy_dash: `SBBF-Morton2D query` (Unstable with ~210,869.9 iters. Increase `minEpochIterations` to e.g. 2108699)
|                4.05 |      246,660,171.58 |    2.4% |           64.19 |           14.60 |  4.397 |          11.00 |    0.4% |      0.01 | `SBBF-Morton2D neighbor`
[3/8] 2D hilbert double_hash n=131072 log=14 k=4 bits=16        |                8.47 |      118,036,970.99 |    1.4% |          136.00 |           30.54 |  4.453 |          12.00 |    0.0% |      0.01 | `SBBF-Hilbert2D insert`
|                8.42 |      118,760,490.56 |    0.8% |          139.00 |           30.36 |  4.579 |          12.00 |    0.0% |      0.01 | `SBBF-Hilbert2D query`
|                5.79 |      172,681,873.26 |    2.1% |           98.76 |           20.80 |  4.748 |          14.15 |    0.6% |      0.01 | `SBBF-Hilbert2D neighbor`
[4/8] 2D hilbert pattern_lookup n=131072 log=14 k=4 bits=16        |                7.47 |      133,813,105.68 |    0.3% |          106.00 |           26.94 |  3.934 |           7.00 |    0.0% |      0.01 | `SBBF-Hilbert2D insert`
|                7.44 |      134,385,728.27 |    0.5% |          109.00 |           26.82 |  4.064 |           7.00 |    0.0% |      0.01 | `SBBF-Hilbert2D query`
|                6.00 |      166,687,105.25 |    1.1% |           63.90 |           21.64 |  2.953 |           8.53 |    1.0% |      0.01 | `SBBF-Hilbert2D neighbor`
|               13.83 |       72,310,630.72 |    2.6% |          241.00 |           49.87 |  4.833 |          41.00 |    0.0% |      0.01 | `BlockedBF-Wy+Pat insert`
|               16.67 |       59,989,831.74 |    0.9% |          255.00 |           60.10 |  4.243 |          45.00 |    0.0% |      0.01 | `BlockedBF-Wy+Pat query`
|               27.47 |       36,409,514.42 |    0.7% |          247.49 |           99.09 |  2.498 |          45.22 |    2.2% |      0.01 | `BlockedBF-Wy+Pat neighbor`
|               13.37 |       74,800,808.34 |    3.9% |          236.00 |           48.18 |  4.898 |          41.00 |    0.0% |      0.01 | `RegisterBF-Wy+Pat insert`
|               15.47 |       64,661,894.33 |    0.8% |          239.00 |           55.77 |  4.285 |          41.00 |    0.0% |      0.01 | `RegisterBF-Wy+Pat query`
|               15.34 |       65,174,052.14 |    1.2% |          243.13 |           55.35 |  4.392 |          43.38 |    0.0% |      0.01 | `RegisterBF-Wy+Pat neighbor`
[5/8] 3D morton double_hash n=131072 log=14 k=4 bits=16        |                3.42 |      292,516,726.43 |    1.0% |           69.00 |           12.33 |  5.597 |          10.00 |    0.0% |      0.01 | `SBBF-Morton3D insert`
|                4.36 |      229,269,686.67 |    0.5% |           81.00 |           15.73 |  5.150 |          10.00 |    0.0% |      0.01 | `SBBF-Morton3D query`
|                3.71 |      269,711,739.52 |    1.0% |           83.27 |           13.35 |  6.237 |          13.08 |    0.6% |      0.01 | `SBBF-Morton3D neighbor`
[6/8] 3D morton pattern_lookup n=131072 log=14 k=4 bits=16        |                4.46 |      224,186,726.19 |    0.9% |           40.00 |           16.07 |  2.488 |           4.00 |    0.0% |      0.01 | `SBBF-Morton3D insert`
|                4.45 |      224,659,920.76 |    1.5% |           54.00 |           15.97 |  3.380 |           5.00 |    0.0% |      0.01 | `SBBF-Morton3D query`
|                3.26 |      306,602,210.22 |    0.2% |           56.27 |           11.76 |  4.784 |           8.08 |    1.0% |      0.01 | `SBBF-Morton3D neighbor`
[7/8] 3D hilbert double_hash n=131072 log=14 k=4 bits=16        |               18.30 |       54,646,962.73 |    0.0% |          224.00 |           65.99 |  3.395 |          11.00 |    0.0% |      0.01 | `SBBF-Hilbert3D insert`
|               20.30 |       49,259,146.41 |    0.0% |          236.00 |           73.20 |  3.224 |          11.00 |    0.0% |      0.01 | `SBBF-Hilbert3D query`
|                7.51 |      133,102,530.52 |    0.5% |          134.60 |           27.06 |  4.975 |          14.82 |    1.0% |      0.01 | `SBBF-Hilbert3D neighbor`
[8/8] 3D hilbert pattern_lookup n=131072 log=14 k=4 bits=16        |               16.98 |       58,883,872.02 |    0.5% |          195.00 |           61.02 |  3.196 |           5.00 |    0.0% |      0.01 | `SBBF-Hilbert3D insert`
|               18.45 |       54,186,632.71 |    0.3% |          209.00 |           66.49 |  3.144 |           6.00 |    0.0% |      0.01 | `SBBF-Hilbert3D query`
|                7.01 |      142,742,528.87 |    0.2% |          107.63 |           25.26 |  4.260 |           9.82 |    1.6% |      0.01 | `SBBF-Hilbert3D neighbor`
|               14.44 |       69,240,131.45 |    2.8% |          261.00 |           52.09 |  5.010 |          42.00 |    0.0% |      0.01 | `BlockedBF-Wy+Pat insert`
|               16.82 |       59,457,509.97 |    0.8% |          273.00 |           60.64 |  4.502 |          45.00 |    0.0% |      0.01 | `BlockedBF-Wy+Pat query`
|               28.33 |       35,294,325.50 |    0.5% |          262.56 |          102.16 |  2.570 |          45.31 |    2.4% |      0.01 | `BlockedBF-Wy+Pat neighbor`
|               12.65 |       79,063,439.73 |    1.4% |          250.00 |           45.61 |  5.481 |          41.00 |    0.0% |      0.01 | `RegisterBF-Wy+Pat insert`
|               15.69 |       63,736,870.20 |    0.8% |          253.00 |           56.57 |  4.473 |          41.00 |    0.0% |      0.01 | `RegisterBF-Wy+Pat query`
|               16.09 |       62,147,704.22 |    0.9% |          254.19 |           58.02 |  4.381 |          43.46 |    0.2% |      0.01 | `RegisterBF-Wy+Pat neighbor`


Sweep complete: 12 configurations benchmarked.
Results saved to: sbbf_results/scalability/scale_131072.json

=================================================
  Benchmark Complete!
=================================================

